237.85.78.47 - - [13/May/2024:07:38:55 +0000] "GET /erddap/tabledap/nrt_SEA063_M20.nccsvMetadata HTTP/1.1" 200 9116 "-" "curl/7.54.0"
171.177.25.126 - - [13/May/2024:07:40:23 +0000] "GET /erddap/tabledap/allDatasets.csv HTTP/1.1" 200 594987 "-" "python-requests/2.28.1"
237.85.78.47 - - [13/May/2024:07:40:33 +0000] "GET /erddap/version HTTP/1.1" 200 51 "-" "curl/7.54.0"
237.85.78.47 - - [13/May/2024:07:40:33 +0000] "GET /erddap/version HTTP/1.1" 200 51 "-" "curl/7.54.0"
237.85.78.47 - - [13/May/2024:07:42:14 +0000] "GET /erddap/subscriptions/add.html?datasetID=delayed_SEA063_M22&email=fake%40example.com&emailIfAlreadyValid=false&action=https%3A%2F%2Ferddap.emodnet-physics.eu%2Ferddap%2FsetDatasetFlag.txt%3FdatasetID%3Ddelayed_SEA063_M22%26flagKey%3D5f8743ecc3a84d9a687bf2dbc157c6d0d0a8d8620eb4d83a8414c0a89ba16649 HTTP/1.1" 200 10812 "-" "curl/7.54.0"
237.85.78.47 - - [13/May/2024:07:42:14 +0000] "GET /erddap/subscriptions/add.html?datasetID=nrt_SEA063_M22&email=fake%40example.com&emailIfAlreadyValid=false&action=https%3A%2F%2Ferddap.emodnet-physics.eu%2Ferddap%2FsetDatasetFlag.txt%3FdatasetID%3Dnrt_SEA063_M22%26flagKey%3D08599cd54dcd99c2458e245a2876d497b1ac2d3bb61ad4bc5ec9d3ae1c13a736 HTTP/1.1" 200 10804 "-" "curl/7.54.0"
237.85.78.47 - - [13/May/2024:07:44:09 +0000] "GET /erddap/tabledap/delayed_SEA063_M24.nccsvMetadata HTTP/1.1" 200 8865 "-" "curl/7.54.0"
237.85.78.47 - - [13/May/2024:07:44:09 +0000] "GET /erddap/tabledap/nrt_SEA063_M24.nccsvMetadata HTTP/1.1" 200 9294 "-" "curl/7.54.0"
237.85.78.47 - - [13/May/2024:07:44:15 +0000] "GET /erddap/tabledap/delayed_SEA063_M33.nccsvMetadata HTTP/1.1" 200 9103 "-" "curl/7.54.0"
237.85.78.47 - - [13/May/2024:07:44:15 +0000] "GET /erddap/tabledap/nrt_SEA063_M33.nccsvMetadata HTTP/1.1" 200 8559 "-" "curl/7.54.0"
237.85.78.47 - - [13/May/2024:07:44:23 +0000] "GET /erddap/tabledap/delayed_SEA063_M35.nccsvMetadata HTTP/1.1" 200 9110 "-" "curl/7.54.0"
237.85.78.47 - - [13/May/2024:07:44:23 +0000] "GET /erddap/tabledap/nrt_SEA063_M35.nccsvMetadata HTTP/1.1" 200 8572 "-" "curl/7.54.0"
237.85.78.47 - - [13/May/2024:07:44:30 +0000] "GET /erddap/tabledap/delayed_SEA063_M37.nccsvMetadata HTTP/1.1" 200 9113 "-" "curl/7.54.0"
237.85.78.47 - - [13/May/2024:07:44:30 +0000] "GET /erddap/tabledap/nrt_SEA063_M37.nccsvMetadata HTTP/1.1" 200 8564 "-" "curl/7.54.0"
104.184.97.198 - - [13/May/2024:07:44:36 +0000] "GET /erddap/tabledap/allDatasets.csv HTTP/1.1" 200 594993 "-" "Python-urllib/2.7"
237.85.78.47 - - [13/May/2024:07:44:36 +0000] "GET /erddap/version HTTP/1.1" 200 51 "-" "curl/7.54.0"
237.85.78.47 - - [13/May/2024:07:44:36 +0000] "GET /erddap/version HTTP/1.1" 200 51 "-" "curl/7.54.0"
237.85.78.47 - - [13/May/2024:07:44:44 +0000] "GET /erddap/version HTTP/1.1" 200 51 "-" "curl/7.54.0"
237.85.78.47 - - [13/May/2024:07:44:44 +0000] "GET /erddap/version HTTP/1.1" 200 51 "-" "curl/7.54.0"
237.85.78.47 - - [13/May/2024:07:44:45 +0000] "GET /erddap/version HTTP/1.1" 200 51 "-" "curl/7.54.0"
237.85.78.47 - - [13/May/2024:07:44:45 +0000] "GET /erddap/version HTTP/1.1" 200 51 "-" "curl/7.54.0"
237.85.78.47 - - [13/May/2024:07:44:51 +0000] "GET /erddap/version HTTP/1.1" 200 51 "-" "curl/7.54.0"
237.85.78.47 - - [13/May/2024:07:44:51 +0000] "GET /erddap/version HTTP/1.1" 200 51 "-" "curl/7.54.0"
237.85.78.47 - - [13/May/2024:07:44:51 +0000] "GET /erddap/version HTTP/1.1" 200 51 "-" "curl/7.54.0"
237.85.78.47 - - [13/May/2024:07:45:02 +0000] "GET /erddap/version HTTP/1.1" 200 51 "-" "curl/7.54.0"
237.85.78.47 - - [13/May/2024:07:45:02 +0000] "GET /erddap/version HTTP/1.1" 200 51 "-" "curl/7.54.0"
237.85.78.47 - - [13/May/2024:07:45:03 +0000] "GET /erddap/version HTTP/1.1" 200 51 "-" "curl/7.54.0"
237.85.78.47 - - [13/May/2024:07:45:07 +0000] "GET /erddap/version HTTP/1.1" 200 51 "-" "curl/7.54.0"
237.85.78.47 - - [13/May/2024:07:45:07 +0000] "GET /erddap/version HTTP/1.1" 200 51 "-" "curl/7.54.0"
237.85.78.47 - - [13/May/2024:07:45:14 +0000] "GET /erddap/version HTTP/1.1" 200 51 "-" "curl/7.54.0"
237.85.78.47 - - [13/May/2024:07:45:14 +0000] "GET /erddap/version HTTP/1.1" 200 51 "-" "curl/7.54.0"
237.85.78.47 - - [13/May/2024:07:45:20 +0000] "GET /erddap/version HTTP/1.1" 200 51 "-" "curl/7.54.0"
237.85.78.47 - - [13/May/2024:07:45:20 +0000] "GET /erddap/version HTTP/1.1" 200 51 "-" "curl/7.54.0"
237.85.78.47 - - [13/May/2024:07:46:58 +0000] "GET /erddap/subscriptions/add.html?datasetID=delayed_SEA061_M40&email=fake%40example.com&emailIfAlreadyValid=false&action=https%3A%2F%2Ferddap.emodnet-physics.eu%2Ferddap%2FsetDatasetFlag.txt%3FdatasetID%3Ddelayed_SEA061_M40%26flagKey%3D55763c28068d128920db88460475b3afab6ac5c3ba709d7b05b45d595c35e375 HTTP/1.1" 200 10812 "-" "curl/7.54.0"
237.85.78.47 - - [13/May/2024:07:46:58 +0000] "GET /erddap/subscriptions/add.html?datasetID=nrt_SEA061_M40&email=fake%40example.com&emailIfAlreadyValid=false&action=https%3A%2F%2Ferddap.emodnet-physics.eu%2Ferddap%2FsetDatasetFlag.txt%3FdatasetID%3Dnrt_SEA061_M40%26flagKey%3Dd9ad41e105a556bfd46b1b0da895bcf92251bcf77ae968db69333c310f6ed937 HTTP/1.1" 200 10804 "-" "curl/7.54.0"
237.85.78.47 - - [13/May/2024:07:48:23 +0000] "GET /erddap/tabledap/delayed_SEA061_M42.nccsv?profile_index&distinct() HTTP/1.1" 200 9411 "-" "curl/7.54.0"
237.85.78.47 - - [13/May/2024:07:48:24 +0000] "GET /erddap/tabledap/nrt_SEA061_M42.nccsv?profile_index&distinct() HTTP/1.1" 200 3937 "-" "curl/7.54.0"
143.107.161.239 - - [13/May/2024:07:49:41 +0000] "POST / HTTP/1.1" 301 178 "-" "'Mozilla/5.0"
237.85.78.47 - - [13/May/2024:07:49:48 +0000] "GET /erddap/version HTTP/1.1" 200 51 "-" "curl/7.54.0"
237.85.78.47 - - [13/May/2024:07:49:49 +0000] "GET /erddap/version HTTP/1.1" 200 51 "-" "curl/7.54.0"
237.85.78.47 - - [13/May/2024:07:51:52 +0000] "GET /erddap/files/delayed_SEA061_M45/.csv HTTP/1.1" 200 187 "-" "curl/7.54.0"
237.85.78.47 - - [13/May/2024:07:51:53 +0000] "GET /erddap/files/nrt_SEA061_M45/.csv HTTP/1.1" 200 111 "-" "curl/7.54.0"
 "curl/7.54.0"
237.85.78.47 - - [13/May/2024:07:53:16 +0000] "GET /erddap/version HTTP/1.1" 200 51 "-" "curl/7.54.0"
237.85.78.47 - - [13/May/2024:07:53:16 +0000] "GET /erddap/version HTTP/1.1" 200 51 "-" "curl/7.54.0"
237.85.78.47 - - [13/May/2024:07:53:21 +0000] "GET /erddap/version HTTP/1.1" 200 51 "-" "curl/7.54.0"
237.85.78.47 - - [13/May/2024:07:53:21 +0000] "GET /erddap/version HTTP/1.1" 200 51 "-" "curl/7.54.0"
237.85.78.47 - - [13/May/2024:07:53:21 +0000] "GET /erddap/version HTTP/1.1" 200 51 "-" "curl/7.54.0"
237.85.78.47 - - [13/May/2024:07:53:22 +0000] "GET /erddap/version HTTP/1.1" 200 51 "-" "curl/7.54.0"
237.85.78.47 - - [13/May/2024:07:53:27 +0000] "GET /erddap/version HTTP/1.1" 200 51 "-" "curl/7.54.0"
237.85.78.47 - - [13/May/2024:07:53:27 +0000] "GET /erddap/version HTTP/1.1" 200 51 "-" "curl/7.54.0"
237.85.78.47 - - [13/May/2024:07:53:27 +0000] "GET /erddap/version HTTP/1.1" 200 51 "-" "curl/7.54.0"
237.85.78.47 - - [13/May/2024:07:53:27 +0000] "GET /erddap/version HTTP/1.1" 200 51 "-" "curl/7.54.0"
237.85.78.47 - - [13/May/2024:07:53:32 +0000] "GET /erddap/version HTTP/1.1" 200 51 "-" "curl/7.54.0"
237.85.78.47 - - [13/May/2024:07:53:32 +0000] "GET /erddap/version HTTP/1.1" 200 51 "-" "curl/7.54.0"
237.85.78.47 - - [13/May/2024:07:53:38 +0000] "GET /erddap/version HTTP/1.1" 200 51 "-" "curl/7.54.0"
237.85.78.47 - - [13/May/2024:07:53:39 +0000] "GET /erddap/version HTTP/1.1" 200 51 "-" "curl/7.54.0"
237.85.78.47 - - [13/May/2024:07:53:39 +0000] "GET /erddap/version HTTP/1.1" 200 51 "-" "curl/7.54.0"
237.85.78.47 - - [13/May/2024:07:53:48 +0000] "GET /erddap/version HTTP/1.1" 200 51 "-" "curl/7.54.0"
186.78.254.178 - - [13/May/2024:07:54:58 +0000] "GET /erddap/tabledap/delayed_SEA078_M22.subset HTTP/1.1" 499 0 "-" "Go-http-client/1.1"
171.177.25.126 - - [13/May/2024:08:00:16 +0000] "GET /erddap/tabledap/allDatasets.csv HTTP/1.1" 200 594978 "-" "python-requests/2.28.1"
 "python-httpx/0.24.1"
 "Python-urllib/2.7"
 "curl/7.54.0"
 "curl/7.54.0"
148.87.179.6 - - [13/May/2024:08:27:44 +0000] "GET /erddap/version HTTP/1.1" 200 51 "-" "curl/7.54.0"
148.87.179.6 - - [13/May/2024:08:27:45 +0000] "GET /erddap/subscriptions/add.html?datasetID=nrt_SEA069_M27&email=fake%40example.com&emailIfAlreadyValid=false&action=https%3A%2F%2Fingestion-erddap.emodnet-physics.eu%2Ferddap%2FsetDatasetFlag.txt%3FdatasetID%3Dnrt_SEA069_M27%26flagKey%3D7553e702e6c98481b356472a2b0df67a623284ba76abc68bf8702b4c409562c9 HTTP/1.1" 200 10819 "-" "curl/7.54.0"
171.177.25.126 - - [13/May/2024:08:30:32 +0000] "GET /erddap/tabledap/nrt_SEA066_M56.csv?time%2Clatitude%2Clongitude%2Cdepth%2Cad2cp_beam1_cell_number1%2Cad2cp_beam2_cell_number1%2Cad2cp_beam3_cell_number1%2Cad2cp_beam4_cell_number1%2Cad2cp_heading%2Cad2cp_pitch%2Cad2cp_pressure%2Cad2cp_roll%2Cad2cp_time%2Caltimeter%2Cangular_cmd%2Cangular_pos%2Cbackscatter_raw%2Cbackscatter_scaled%2Cballast_cmd%2Cballast_pos%2Ccdom%2Ccdom_raw%2Cchlorophyll%2Cchlorophyll_qc%2Cchlorophyll_raw%2Cconductivity%2Cconductivity_qc%2Cdead_reckoning%2Cdeclination%2Cdensity%2Cdensity_qc%2Cdesired_heading%2Cdistance_over_ground%2Cdive_num%2Cheading%2Cinternal_pressure%2Cinternal_temperature%2Clinear_cmd%2Clinear_pos%2Cnav_resource%2Cnav_state%2Coxygen_concentration%2Coxygen_concentration_qc%2Cparticulate_backscatter%2Cpitch%2Cpotential_density%2Cpotential_density_qc%2Cpotential_temperature%2Cpotential_temperature_qc%2Cpressure%2Cprofile_direction%2Cprofile_index%2Cprofile_num%2Croll%2Csalinity%2Csalinity_qc%2Csecurity_level%2Ctemperature%2Ctemperature_oxygen%2Ctemperature_qc%2Cvertical_distance_to_seafloor%2Cvoltage&time%3E=2024-05-13T04:08:19Z&time%3C2024-05-13T08:30:32Z HTTP/1.1" 200 84042 "-" "python-requests/2.28.1"
 "Python-urllib/2.7"
 "Python-urllib/3.6"
148.87.179.6 - - [13/May/2024:08:42:39 +0000] "GET /erddap/tabledap/nrt_SEA063_M73.nccsvMetadata HTTP/1.1" 200 9257 "-" "curl/7.54.0"
148.87.179.6 - - [13/May/2024:08:42:40 +0000] "GET /erddap/subscriptions/add.html?datasetID=nrt_SEA063_M73&email=fake@example.com&emailIfAlreadyValid=false&action=https%3A%2F%2Fingestion-erddap.emodnet-physics.eu%2Ferddap%2FsetDatasetFlag.txt%3FdatasetID%3DVOTO_nrt_SEA063_M73%26flagKey%3Da9e9165ead584bde192cdd7796d7740d212ed014f9ed8d0508d90a278a3ef63d HTTP/1.1" 200 10829 "-" "curl/7.54.0"
 "Python-urllib/2.7"
 "curl/7.54.0"
171.177.25.126 - - [13/May/2024:09:00:19 +0000] "GET /erddap/tabledap/nrt_SEA066_M56.html HTTP/1.1" 200 316416 "-" "python-requests/2.28.1"
 "Python-urllib/2.7"
31.4.148.195 - - [13/May/2024:09:04:15 +0000] "GET /erddap/categorize/cdm_data_type/index.html?page=1&itemsPerPage=1000 HTTP/1.1" 200 6805 "-" "curl/7.54.0"
31.4.148.195 - - [13/May/2024:09:04:16 +0000] "GET /erddap/categorize/ioos_category/index.html?page=1&itemsPerPage=1000 HTTP/1.1" 200 7090 "-" "curl/7.54.0"
31.4.148.195 - - [13/May/2024:09:04:17 +0000] "GET /erddap/categorize/institution/index.html?page=1&itemsPerPage=1000 HTTP/1.1" 200 6803 "-" "curl/7.54.0"
31.4.148.195 - - [13/May/2024:09:04:18 +0000] "GET /erddap/convert/keywords.html HTTP/1.1" 200 169134 "-" "curl/7.54.0"
31.4.148.195 - - [13/May/2024:09:04:19 +0000] "GET /erddap/search/advanced.html?page=1&itemsPerPage=1000 HTTP/1.1" 200 189587 "-" "curl/7.54.0"
31.4.148.195 - - [13/May/2024:09:04:21 +0000] "GET /erddap/metadata/fgdc/xml/ HTTP/1.1" 200 145792 "-" "curl/7.54.0"
31.4.148.195 - - [13/May/2024:09:04:22 +0000] "GET /erddap/convert/urls.html HTTP/1.1" 200 9404 "-" "curl/7.54.0"
31.4.148.195 - - [13/May/2024:09:04:23 +0000] "GET /erddap/images/QuestionMark.png HTTP/1.1" 200 261 "-" "curl/7.54.0"
31.4.148.195 - - [13/May/2024:09:04:24 +0000] "GET /erddap/slidesorter.html HTTP/1.1" 200 12461 "-" "curl/7.54.0"
31.4.148.195 - - [13/May/2024:09:04:25 +0000] "GET /erddap/slidesorter.html HTTP/1.1" 200 12468 "-" "curl/7.54.0"
31.4.148.195 - - [13/May/2024:09:04:26 +0000] "GET /erddap/slidesorter.html HTTP/1.1" 200 12461 "-" "curl/7.54.0"
31.4.148.195 - - [13/May/2024:09:04:27 +0000] "GET /erddap/slidesorter.html HTTP/1.1" 200 12461 "-" "curl/7.54.0"
31.4.148.195 - - [13/May/2024:09:04:28 +0000] "GET /erddap/slidesorter.html HTTP/1.1" 200 12476 "-" "curl/7.54.0"
31.4.148.195 - - [13/May/2024:09:04:29 +0000] "GET /erddap/slidesorter.html HTTP/1.1" 200 12468 "-" "curl/7.54.0"
31.4.148.195 - - [13/May/2024:09:04:30 +0000] "GET /erddap/slidesorter.html HTTP/1.1" 200 12468 "-" "curl/7.54.0"
31.4.148.195 - - [13/May/2024:09:04:31 +0000] "GET /erddap/slidesorter.html HTTP/1.1" 200 12468 "-" "curl/7.54.0"
31.4.148.195 - - [13/May/2024:09:04:32 +0000] "GET /erddap/slidesorter.html HTTP/1.1" 200 12461 "-" "curl/7.54.0"
31.4.148.195 - - [13/May/2024:09:04:32 +0000] "GET /erddap/slidesorter.html HTTP/1.1" 200 12468 "-" "curl/7.54.0"
31.4.148.195 - - [13/May/2024:09:04:33 +0000] "GET /erddap/slidesorter.html HTTP/1.1" 200 12468 "-" "curl/7.54.0"
31.4.148.195 - - [13/May/2024:09:04:34 +0000] "GET /erddap/slidesorter.html HTTP/1.1" 200 12468 "-" "curl/7.54.0"
31.4.148.195 - - [13/May/2024:09:04:36 +0000] "GET /erddap/slidesorter.html HTTP/1.1" 200 12468 "-" "curl/7.54.0"
31.4.148.195 - - [13/May/2024:09:04:37 +0000] "GET /erddap/slidesorter.html HTTP/1.1" 200 12468 "-" "curl/7.54.0"
31.4.148.195 - - [13/May/2024:09:04:39 +0000] "GET /erddap/slidesorter.html HTTP/1.1" 200 12468 "-" "curl/7.54.0"
31.4.148.195 - - [13/May/2024:09:04:40 +0000] "GET /erddap/slidesorter.html HTTP/1.1" 200 12468 "-" "curl/7.54.0"
31.4.148.195 - - [13/May/2024:09:04:40 +0000] "GET /erddap/slidesorter.html HTTP/1.1" 200 12468 "-" "curl/7.54.0"
31.4.148.195 - - [13/May/2024:09:04:41 +0000] "GET /erddap/slidesorter.html HTTP/1.1" 200 12468 "-" "curl/7.54.0"
31.4.148.195 - - [13/May/2024:09:04:42 +0000] "GET /erddap/slidesorter.html HTTP/1.1" 200 12468 "-" "curl/7.54.0"
31.4.148.195 - - [13/May/2024:09:04:43 +0000] "GET /erddap/slidesorter.html HTTP/1.1" 200 12468 "-" "curl/7.54.0"
31.4.148.195 - - [13/May/2024:09:04:44 +0000] "GET /erddap/slidesorter.html HTTP/1.1" 200 12468 "-" "curl/7.54.0"
69.104.123.63 - - [13/May/2024:09:12:05 +0000] "GET /cdn-cgi/trace HTTP/1.1" 400 264 "-" "python-requests/2.26.0"
138.241.104.113 - - [13/May/2024:09:17:14 +0000] "GET /erddap/tabledap/nrt_SEA069_M26.subset HTTP/1.1" 200 8781 "-" "Python-urllib/3.6"
 "curl/7.54.0"
 "curl/7.54.0"
171.177.25.126 - - [13/May/2024:09:30:23 +0000] "GET /erddap/tabledap/nrt_SEA069_M27.csv?time%2Clatitude%2Clongitude%2Cdepth%2Caltimeter%2Cangular_cmd%2Cangular_pos%2Cbackscatter_raw%2Cbackscatter_scaled%2Cballast_cmd%2Cballast_pos%2Cchlorophyll%2Cchlorophyll_qc%2Cchlorophyll_raw%2Cconductivity%2Cconductivity_qc%2Cdead_reckoning%2Cdeclination%2Cdensity%2Cdensity_qc%2Cdesired_heading%2Cdistance_over_ground%2Cdive_num%2Cheading%2Cinternal_pressure%2Cinternal_temperature%2Clinear_cmd%2Clinear_pos%2Cnav_resource%2Cnav_state%2Coxygen_concentration%2Coxygen_concentration_qc%2Cparticulate_backscatter%2Cphycocyanin%2Cphycocyanin_raw%2Cpitch%2Cpotential_density%2Cpotential_density_qc%2Cpotential_temperature%2Cpotential_temperature_qc%2Cpressure%2Cprofile_direction%2Cprofile_index%2Cprofile_num%2Croll%2Csalinity%2Csalinity_qc%2Csecurity_level%2Ctemperature%2Ctemperature_oxygen%2Ctemperature_qc%2Cvertical_distance_to_seafloor%2Cvoltage&time%3E=2024-05-13T04:13:28Z&time%3C2024-05-13T09:30:22Z HTTP/1.1" 200 11083 "-" "python-requests/2.28.1"
58.80.210.191 - - [13/May/2024:09:35:43 +0000] "GET /erddap/tabledap/delayed_SEA056_M64.das HTTP/1.1" 200 7868 "-" "Mozilla/5.0 ERDDAP/2.17"
 "Python-urllib/2.7"
123.75.71.43 - - [13/May/2024:09:48:35 +0000] "GET /erddap/tabledap/nrt_SEA063_M69.html HTTP/1.1" 200 35975 "-" "Mozilla/5.0 zgrab/0.x"
171.177.25.126 - - [13/May/2024:09:50:27 +0000] "GET /erddap/tabledap/allDatasets.csv HTTP/1.1" 200 598392 "-" "python-requests/2.28.1"
110.247.188.222 - - [13/May/2024:09:53:01 +0000] "GET /erddap/tabledap/nrt_SEA067_M30.fgdc HTTP/1.1" 200 5709 "-" "libwww-perl/6.05"
148.87.179.6 - - [13/May/2024:09:57:41 +0000] "GET /erddap/version HTTP/1.1" 200 51 "-" "curl/7.54.0"
148.87.179.6 - - [13/May/2024:09:57:42 +0000] "GET /erddap/subscriptions/add.html?datasetID=nrt_SEA066_M56&email=fake%40example.com&emailIfAlreadyValid=false&action=https%3A%2F%2Fingestion-erddap.emodnet-physics.eu%2Ferddap%2FsetDatasetFlag.txt%3FdatasetID%3Dnrt_SEA066_M56%26flagKey%3D566e0712364781b8d4123d193eac7892728ffc4536d8cd74501fa9f932af8d5d HTTP/1.1" 200 10819 "-" "curl/7.54.0"
171.177.25.126 - - [13/May/2024:10:00:16 +0000] "GET /erddap/tabledap/nrt_SEA069_M27.html HTTP/1.1" 200 284072 "-" "python-requests/2.28.1"
171.177.25.126 - - [13/May/2024:10:00:22 +0000] "GET /erddap/tabledap/nrt_SEA063_M73.html HTTP/1.1" 200 311099 "-" "python-requests/2.28.1"
 "curl/7.54.0"
104.184.97.198 - - [13/May/2024:10:03:29 +0000] "GET /erddap/tabledap/nrt_SEA044_M84.ncCF?time,pressure,depth,dive_num,profile_direction,profile_index,profile_num HTTP/1.1" 200 282756 "-" "Python-urllib/2.7"
95.17.251.101 - - [13/May/2024:10:05:56 +0000] "GET /erddap/tabledap/nrt_SEA055_M54.das HTTP/1.1" 200 7650 "-" "python-requests/2.31.0"
 "Python-urllib/2.7"
 "Python-urllib/2.7"
156.184.218.115 - - [13/May/2024:10:17:49 +0000] "GET /erddap/info/adcp_SEA076_M21/index.html HTTP/1.1" 200 18013 "-" "python-httpx/0.24.1"
171.177.25.126 - - [13/May/2024:10:20:27 +0000] "GET /erddap/tabledap/allDatasets.csv HTTP/1.1" 200 598396 "-" "python-requests/2.28.1"
58.80.210.191 - - [13/May/2024:10:22:38 +0000] "GET /erddap/tabledap/delayed_SEA078_M11.das HTTP/1.1" 200 8837 "-" "Mozilla/5.0 ERDDAP/2.17"
237.130.114.151 - - [13/May/2024:10:29:20 +0000] "GET /erddap/info/nrt_SEA061_M60/index.html HTTP/1.1" 200 23245 "-" "Mozilla/5.0 zgrab/0.x"
252.36.165.192 - - [13/May/2024:10:33:13 +0000] "GET /erddap/tabledap/delayed_SEA061_M40.html HTTP/1.1" 200 43789 "-" "python-requests/2.25.1"
 "curl/7.54.0"
240.110.21.57 - - [13/May/2024:10:41:53 +0000] "GET /erddap/tabledap/nrt_SEA067_M44.das HTTP/1.1" 200 8181 "-" "Python-urllib/3.12"
104.184.97.198 - - [13/May/2024:10:44:31 +0000] "GET /erddap/tabledap/nrt_SEA063_M73.ncCF? HTTP/1.1" 200 512841 "-" "Python-urllib/2.7"
104.184.97.198 - - [13/May/2024:10:44:55 +0000] "GET /erddap/tabledap/nrt_SEA067_M55.csv?longitude,latitude,dive_num,vertical_distance_to_seafloor HTTP/1.1" 200 337134 "-" "Python-urllib/2.7"
196.220.241.235 - - [13/May/2024:10:49:15 +0000] "GET /erddap/tabledap/delayed_SEA056_M66.html HTTP/1.1" 200 196166 "-" "Mozilla/5.0"
 "curl/7.54.0"
48.245.211.70 - - [13/May/2024:10:55:55 +0000] "GET /erddap/tabledap/nrt_SEA063_M62.das HTTP/1.1" 200 7741 "-" "python-requests/2.28.2"
171.177.25.126 - - [13/May/2024:11:00:16 +0000] "GET /erddap/tabledap/nrt_SEA069_M27.csv?time%2Clatitude%2Clongitude%2Cdepth%2Caltimeter%2Cangular_cmd%2Cangular_pos%2Cbackscatter_raw%2Cbackscatter_scaled%2Cballast_cmd%2Cballast_pos%2Cchlorophyll%2Cchlorophyll_qc%2Cchlorophyll_raw%2Cconductivity%2Cconductivity_qc%2Cdead_reckoning%2Cdeclination%2Cdensity%2Cdensity_qc%2Cdesired_heading%2Cdistance_over_ground%2Cdive_num%2Cheading%2Cinternal_pressure%2Cinternal_temperature%2Clinear_cmd%2Clinear_pos%2Cnav_resource%2Cnav_state%2Coxygen_concentration%2Coxygen_concentration_qc%2Cparticulate_backscatter%2Cphycocyanin%2Cphycocyanin_raw%2Cpitch%2Cpotential_density%2Cpotential_density_qc%2Cpotential_temperature%2Cpotential_temperature_qc%2Cpressure%2Cprofile_direction%2Cprofile_index%2Cprofile_num%2Croll%2Csalinity%2Csalinity_qc%2Csecurity_level%2Ctemperature%2Ctemperature_oxygen%2Ctemperature_qc%2Cvertical_distance_to_seafloor%2Cvoltage&time%3E=2024-05-13T06:20:24Z&time%3C2024-05-13T11:00:15Z HTTP/1.1" 200 20258 "-" "python-requests/2.28.1"
223.197.138.18 - - [13/May/2024:11:01:56 +0000] "GET /erddap/info/nrt_SEA067_M15/index.html HTTP/1.1" 200 26401 "-" "curl/7.54.0"
 "curl/7.54.0"
 "Python-urllib/2.7"
198.152.128.24 - - [13/May/2024:11:14:50 +0000] "GET /erddap/tabledap/nrt_SEA067_M26.das HTTP/1.1" 200 8044 "-" "python-requests/2.31.0"
181.45.226.160 - - [13/May/2024:11:18:57 +0000] "GET /robots.txt HTTP/1.1" 200 527 "-" "python-httpx/0.24.1"
 "Python-urllib/2.7"
224.202.252.149 - - [13/May/2024:11:22:46 +0000] "GET /erddap/griddap/adcp_SEA045_M42.graph HTTP/1.1" 200 20414 "-" "curl/7.75.0"
215.204.43.106 - - [13/May/2024:11:23:06 +0000] "GET /erddap/tabledap/nrt_SEA055_M52.graph HTTP/1.1" 200 24369 "-" "Googlebot-Image/1.0"
215.183.93.255 - - [13/May/2024:11:23:25 +0000] "GET /erddap/tabledap/delayed_SEA067_M44.html HTTP/1.1" 200 43135 "-" "python-httpx/0.27.0"
 "Python-urllib/2.7"
98.71.237.127 - - [13/May/2024:11:30:35 +0000] "GET /erddap/tabledap/nrt_SEA079_M16.html HTTP/1.1" 200 36174 "-" "Friendly_Crawler/Nutch-1.20-SNAPSHOT"
184.44.205.68 - - [13/May/2024:11:34:30 +0000] "GET /erddap/info/nrt_SEA076_M24/index.html HTTP/1.1" 200 26219 "-" "Python/3.8 aiohttp/3.9.5"
156.73.58.234 - - [13/May/2024:11:36:48 +0000] "GET /erddap/tabledap/delayed_SEA077_M28.fgdc HTTP/1.1" 200 5842 "-" "kmdjdheyytgebfghehhenegsdfsdf"
110.247.188.222 - - [13/May/2024:11:41:49 +0000] "GET /erddap/info/adcp_SEA076_M9/index.html HTTP/1.1" 200 17084 "-" "libwww-perl/6.05"
123.75.71.43 - - [13/May/2024:11:45:02 +0000] "GET /erddap/tabledap/nrt_SEA066_M43.das HTTP/1.1" 200 8037 "-" "Mozilla/5.0 zgrab/0.x"
10.241.157.24 - - [13/May/2024:11:46:21 +0000] "GET /erddap/tabledap/nrt_SEA076_M8.ncCF? HTTP/1.1" 200 770844 "-" "Mozilla/5.0 ERDDAP/2.23"
10.241.157.24 - - [13/May/2024:11:46:27 +0000] "GET /erddap/tabledap/nrt_SEA076_M19.ncCF? HTTP/1.1" 200 871637 "-" "Mozilla/5.0 ERDDAP/2.23"
10.241.157.24 - - [13/May/2024:11:46:35 +0000] "GET /erddap/tabledap/nrt_SEA069_M9.ncCF? HTTP/1.1" 200 306541 "-" "Mozilla/5.0 ERDDAP/2.23"
10.241.157.24 - - [13/May/2024:11:46:39 +0000] "GET /erddap/tabledap/nrt_SEA069_M19.ncCF? HTTP/1.1" 200 1076178 "-" "Mozilla/5.0 ERDDAP/2.23"
10.241.157.24 - - [13/May/2024:11:46:44 +0000] "GET /erddap/tabledap/nrt_SEA069_M26.ncCF? HTTP/1.1" 200 1407519 "-" "Mozilla/5.0 ERDDAP/2.23"
10.241.157.24 - - [13/May/2024:11:46:48 +0000] "GET /erddap/tabledap/nrt_SEA055_M20.ncCF? HTTP/1.1" 200 435442 "-" "Mozilla/5.0 ERDDAP/2.23"
10.241.157.24 - - [13/May/2024:11:46:52 +0000] "GET /erddap/tabledap/nrt_SEA055_M28.ncCF? HTTP/1.1" 200 275150 "-" "Mozilla/5.0 ERDDAP/2.23"
10.241.157.24 - - [13/May/2024:11:46:57 +0000] "GET /erddap/tabledap/nrt_SEA055_M39.ncCF? HTTP/1.1" 200 757182 "-" "Mozilla/5.0 ERDDAP/2.23"
10.241.157.24 - - [13/May/2024:11:47:01 +0000] "GET /erddap/tabledap/nrt_SEA055_M48.ncCF? HTTP/1.1" 200 983050 "-" "Mozilla/5.0 ERDDAP/2.23"
10.241.157.24 - - [13/May/2024:11:47:05 +0000] "GET /erddap/tabledap/nrt_SEA055_M56.ncCF? HTTP/1.1" 200 926658 "-" "Mozilla/5.0 ERDDAP/2.23"
10.241.157.24 - - [13/May/2024:11:47:09 +0000] "GET /erddap/tabledap/nrt_SEA045_M42.ncCF? HTTP/1.1" 200 2018012 "-" "Mozilla/5.0 ERDDAP/2.23"
10.241.157.24 - - [13/May/2024:11:47:15 +0000] "GET /erddap/tabledap/nrt_SEA045_M50.ncCF? HTTP/1.1" 200 759686 "-" "Mozilla/5.0 ERDDAP/2.23"
10.241.157.24 - - [13/May/2024:11:47:20 +0000] "GET /erddap/tabledap/nrt_SEA045_M60.ncCF? HTTP/1.1" 200 479811 "-" "Mozilla/5.0 ERDDAP/2.23"
10.241.157.24 - - [13/May/2024:11:47:23 +0000] "GET /erddap/tabledap/nrt_SEA045_M67.ncCF? HTTP/1.1" 200 1086138 "-" "Mozilla/5.0 ERDDAP/2.23"
10.241.157.24 - - [13/May/2024:11:47:27 +0000] "GET /erddap/tabledap/nrt_SEA045_M75.ncCF? HTTP/1.1" 200 777218 "-" "Mozilla/5.0 ERDDAP/2.23"
10.241.157.24 - - [13/May/2024:11:47:40 +0000] "GET /erddap/tabledap/nrt_SEA063_M20.ncCF? HTTP/1.1" 200 6863565 "-" "Mozilla/5.0 ERDDAP/2.23"
10.241.157.24 - - [13/May/2024:11:47:50 +0000] "GET /erddap/tabledap/nrt_SEA063_M35.ncCF? HTTP/1.1" 200 798968 "-" "Mozilla/5.0 ERDDAP/2.23"
10.241.157.24 - - [13/May/2024:11:47:54 +0000] "GET /erddap/tabledap/nrt_SEA063_M55.ncCF? HTTP/1.1" 200 655010 "-" "Mozilla/5.0 ERDDAP/2.23"
10.241.157.24 - - [13/May/2024:11:47:58 +0000] "GET /erddap/tabledap/nrt_SEA063_M67.ncCF? HTTP/1.1" 200 785410 "-" "Mozilla/5.0 ERDDAP/2.23"
10.241.157.24 - - [13/May/2024:11:48:02 +0000] "GET /erddap/tabledap/nrt_SEA079_M9.ncCF? HTTP/1.1" 200 1905981 "-" "Mozilla/5.0 ERDDAP/2.23"
10.241.157.24 - - [13/May/2024:11:48:10 +0000] "GET /erddap/tabledap/nrt_SEA079_M18.ncCF? HTTP/1.1" 200 2687777 "-" "Mozilla/5.0 ERDDAP/2.23"
10.241.157.24 - - [13/May/2024:11:48:14 +0000] "GET /erddap/tabledap/nrt_SEA044_M32.ncCF? HTTP/1.1" 200 789278 "-" "Mozilla/5.0 ERDDAP/2.23"
10.241.157.24 - - [13/May/2024:11:48:20 +0000] "GET /erddap/tabledap/nrt_SEA044_M45.ncCF? HTTP/1.1" 200 1011701 "-" "Mozilla/5.0 ERDDAP/2.23"
10.241.157.24 - - [13/May/2024:11:48:24 +0000] "GET /erddap/tabledap/nrt_SEA044_M77.ncCF? HTTP/1.1" 200 1041901 "-" "Mozilla/5.0 ERDDAP/2.23"
100.157.97.241 - - [13/May/2024:11:48:29 +0000] "GET /erddap/tabledap/delayed_SEA045_M74.das HTTP/1.1" 200 7719 "-" "Mozilla/5.0 ERDDAP/2.17"
10.241.157.24 - - [13/May/2024:11:48:33 +0000] "GET /erddap/tabledap/nrt_SEA044_M89.ncCF? HTTP/1.1" 200 1207939 "-" "Mozilla/5.0 ERDDAP/2.23"
10.241.157.24 - - [13/May/2024:11:48:37 +0000] "GET /erddap/tabledap/nrt_SEA067_M29.ncCF? HTTP/1.1" 200 1007911 "-" "Mozilla/5.0 ERDDAP/2.23"
10.241.157.24 - - [13/May/2024:11:48:42 +0000] "GET /erddap/tabledap/nrt_SEA067_M41.ncCF? HTTP/1.1" 200 870523 "-" "Mozilla/5.0 ERDDAP/2.23"
10.241.157.24 - - [13/May/2024:11:48:45 +0000] "GET /erddap/tabledap/nrt_SEA067_M51.ncCF? HTTP/1.1" 200 1014767 "-" "Mozilla/5.0 ERDDAP/2.23"
10.241.157.24 - - [13/May/2024:11:48:52 +0000] "GET /erddap/tabledap/nrt_SEA066_M12.ncCF? HTTP/1.1" 200 5204387 "-" "Mozilla/5.0 ERDDAP/2.23"
10.241.157.24 - - [13/May/2024:11:48:57 +0000] "GET /erddap/tabledap/nrt_SEA066_M43.ncCF? HTTP/1.1" 200 1324242 "-" "Mozilla/5.0 ERDDAP/2.23"
10.241.157.24 - - [13/May/2024:11:49:02 +0000] "GET /erddap/tabledap/nrt_SEA070_M14.ncCF? HTTP/1.1" 200 600326 "-" "Mozilla/5.0 ERDDAP/2.23"
10.241.157.24 - - [13/May/2024:11:49:05 +0000] "GET /erddap/tabledap/nrt_SEA077_M15.ncCF? HTTP/1.1" 200 541611 "-" "Mozilla/5.0 ERDDAP/2.23"
10.241.157.24 - - [13/May/2024:11:49:11 +0000] "GET /erddap/tabledap/nrt_SEA077_M24.ncCF? HTTP/1.1" 200 3053864 "-" "Mozilla/5.0 ERDDAP/2.23"
10.241.157.24 - - [13/May/2024:11:49:18 +0000] "GET /erddap/tabledap/nrt_SEA077_M33.ncCF? HTTP/1.1" 200 2569701 "-" "Mozilla/5.0 ERDDAP/2.23"
10.241.157.24 - - [13/May/2024:11:49:23 +0000] "GET /erddap/tabledap/nrt_SEA056_M56.ncCF? HTTP/1.1" 200 617485 "-" "Mozilla/5.0 ERDDAP/2.23"
10.241.157.24 - - [13/May/2024:11:49:28 +0000] "GET /erddap/tabledap/nrt_SEA056_M68.ncCF? HTTP/1.1" 200 3252817 "-" "Mozilla/5.0 ERDDAP/2.23"
10.241.157.24 - - [13/May/2024:11:49:40 +0000] "GET /erddap/tabledap/nrt_SEA061_M40.ncCF? HTTP/1.1" 200 7637688 "-" "Mozilla/5.0 ERDDAP/2.23"
10.241.157.24 - - [13/May/2024:11:49:51 +0000] "GET /erddap/tabledap/nrt_SEA061_M50.ncCF? HTTP/1.1" 200 442653 "-" "Mozilla/5.0 ERDDAP/2.23"
10.241.157.24 - - [13/May/2024:11:49:55 +0000] "GET /erddap/tabledap/nrt_SEA061_M62.ncCF? HTTP/1.1" 200 836791 "-" "Mozilla/5.0 ERDDAP/2.23"
252.36.165.192 - - [13/May/2024:11:50:02 +0000] "GET /erddap/tabledap/delayed_SEA067_M27.das HTTP/1.1" 200 8256 "-" "python-requests/2.25.1"
62.220.226.110 - - [13/May/2024:11:50:12 +0000] "GET /erddap/tabledap/nrt_SEA069_M9.graph HTTP/1.1" 200 23401 "-" "'Mozilla/5.0"
156.184.218.115 - - [13/May/2024:11:51:47 +0000] "GET /erddap/tabledap/delayed_SEA079_M9.das HTTP/1.1" 200 8781 "-" "python-httpx/0.24.1"
54.247.244.155 - - [13/May/2024:11:52:02 +0000] "GET /erddap/tabledap/nrt_SEA061_M57.das HTTP/1.1" 200 7368 "-" "python-httpx/0.26.0"
223.197.138.18 - - [13/May/2024:11:55:56 +0000] "GET /erddap/info/nrt_SEA063_M38/index.html HTTP/1.1" 200 22745 "-" "curl/7.54.0"
153.88.22.236 - - [13/May/2024:11:59:09 +0000] "GET /erddap/tabledap/nrt_SEA070_M29.das HTTP/1.1" 200 8027 "-" "Mozilla/5.0 ERDDAP/2.17"
171.177.25.126 - - [13/May/2024:12:00:13 +0000] "GET /erddap/tabledap/nrt_SEA069_M27.html HTTP/1.1" 200 284196 "-" "python-requests/2.28.1"
171.177.25.126 - - [13/May/2024:12:00:14 +0000] "GET /erddap/tabledap/nrt_SEA066_M56.csv?time%2Clatitude%2Clongitude%2Cdepth%2Cad2cp_beam1_cell_number1%2Cad2cp_beam2_cell_number1%2Cad2cp_beam3_cell_number1%2Cad2cp_beam4_cell_number1%2Cad2cp_heading%2Cad2cp_pitch%2Cad2cp_pressure%2Cad2cp_roll%2Cad2cp_time%2Caltimeter%2Cangular_cmd%2Cangular_pos%2Cbackscatter_raw%2Cbackscatter_scaled%2Cballast_cmd%2Cballast_pos%2Ccdom%2Ccdom_raw%2Cchlorophyll%2Cchlorophyll_qc%2Cchlorophyll_raw%2Cconductivity%2Cconductivity_qc%2Cdead_reckoning%2Cdeclination%2Cdensity%2Cdensity_qc%2Cdesired_heading%2Cdistance_over_ground%2Cdive_num%2Cheading%2Cinternal_pressure%2Cinternal_temperature%2Clinear_cmd%2Clinear_pos%2Cnav_resource%2Cnav_state%2Coxygen_concentration%2Coxygen_concentration_qc%2Cparticulate_backscatter%2Cpitch%2Cpotential_density%2Cpotential_density_qc%2Cpotential_temperature%2Cpotential_temperature_qc%2Cpressure%2Cprofile_direction%2Cprofile_index%2Cprofile_num%2Croll%2Csalinity%2Csalinity_qc%2Csecurity_level%2Ctemperature%2Ctemperature_oxygen%2Ctemperature_qc%2Cvertical_distance_to_seafloor%2Cvoltage&time%3E=2024-05-13T04:08:19Z&time%3C2024-05-13T12:00:13Z HTTP/1.1" 200 165903 "-" "python-requests/2.28.1"
171.177.25.126 - - [13/May/2024:12:00:22 +0000] "GET /erddap/tabledap/nrt_SEA066_M56.csv?time%2Clatitude%2Clongitude%2Cdepth%2Cad2cp_beam1_cell_number1%2Cad2cp_beam2_cell_number1%2Cad2cp_beam3_cell_number1%2Cad2cp_beam4_cell_number1%2Cad2cp_heading%2Cad2cp_pitch%2Cad2cp_pressure%2Cad2cp_roll%2Cad2cp_time%2Caltimeter%2Cangular_cmd%2Cangular_pos%2Cbackscatter_raw%2Cbackscatter_scaled%2Cballast_cmd%2Cballast_pos%2Ccdom%2Ccdom_raw%2Cchlorophyll%2Cchlorophyll_qc%2Cchlorophyll_raw%2Cconductivity%2Cconductivity_qc%2Cdead_reckoning%2Cdeclination%2Cdensity%2Cdensity_qc%2Cdesired_heading%2Cdistance_over_ground%2Cdive_num%2Cheading%2Cinternal_pressure%2Cinternal_temperature%2Clinear_cmd%2Clinear_pos%2Cnav_resource%2Cnav_state%2Coxygen_concentration%2Coxygen_concentration_qc%2Cparticulate_backscatter%2Cpitch%2Cpotential_density%2Cpotential_density_qc%2Cpotential_temperature%2Cpotential_temperature_qc%2Cpressure%2Cprofile_direction%2Cprofile_index%2Cprofile_num%2Croll%2Csalinity%2Csalinity_qc%2Csecurity_level%2Ctemperature%2Ctemperature_oxygen%2Ctemperature_qc%2Cvertical_distance_to_seafloor%2Cvoltage&time%3E=2024-05-13T07:26:18Z&time%3C2024-05-13T12:00:22Z HTTP/1.1" 200 83024 "-" "python-requests/2.28.1"
171.177.25.126 - - [13/May/2024:12:00:24 +0000] "GET /erddap/tabledap/nrt_SEA077_M33.html HTTP/1.1" 200 329359 "-" "python-requests/2.28.1"
153.88.22.236 - - [13/May/2024:12:04:09 +0000] "GET /erddap/tabledap/delayed_SEA045_M73.das HTTP/1.1" 200 7716 "-" "Mozilla/5.0 ERDDAP/2.17"
66.209.137.145 - - [13/May/2024:12:08:28 +0000] "GET /erddap/tabledap/nrt_SEA055_M45.das HTTP/1.1" 200 7369 "-" "Googlebot-Image/1.0"
156.73.58.234 - - [13/May/2024:12:12:14 +0000] "GET /erddap/griddap/adcp_SEA056_M55.html HTTP/1.1" 200 17934 "-" "kmdjdheyytgebfghehhenegsdfsdf"
48.245.211.70 - - [13/May/2024:12:16:40 +0000] "GET /erddap/info/adcp_SEA045_M64/index.html HTTP/1.1" 200 17348 "-" "python-requests/2.28.2"
145.146.71.121 - - [13/May/2024:12:18:22 +0000] "GET /manager/html HTTP/1.1" 400 264 "-" "python-requests/2.31.0"
10.241.157.24 - - [13/May/2024:12:20:12 +0000] "GET /erddap/tabledap/nrt_SEA079_M11.ncCF? HTTP/1.1" 200 4048012 "-" "Mozilla/5.0 ERDDAP/2.23"
10.241.157.24 - - [13/May/2024:12:20:20 +0000] "GET /erddap/tabledap/nrt_SEA079_M20.ncCF? HTTP/1.1" 200 2942083 "-" "Mozilla/5.0 ERDDAP/2.23"
10.241.157.24 - - [13/May/2024:12:20:26 +0000] "GET /erddap/tabledap/nrt_SEA077_M28.ncCF? HTTP/1.1" 200 2684931 "-" "Mozilla/5.0 ERDDAP/2.23"
10.241.157.24 - - [13/May/2024:12:20:35 +0000] "GET /erddap/tabledap/nrt_SEA066_M52.ncCF? HTTP/1.1" 200 1864853 "-" "Mozilla/5.0 ERDDAP/2.23"
10.241.157.24 - - [13/May/2024:12:20:41 +0000] "GET /erddap/tabledap/nrt_SEA078_M15.ncCF? HTTP/1.1" 200 3169670 "-" "Mozilla/5.0 ERDDAP/2.23"
10.241.157.24 - - [13/May/2024:12:21:03 +0000] "GET /erddap/tabledap/nrt_SEA077_M24.ncCF? HTTP/1.1" 200 3054063 "-" "Mozilla/5.0 ERDDAP/2.23"
110.247.188.222 - - [13/May/2024:12:21:58 +0000] "GET /erddap/tabledap/delayed_SEA055_M35.das HTTP/1.1" 200 7387 "-" "libwww-perl/6.05"
 "Python-urllib/2.7"
 "Python-urllib/2.7"
237.85.78.47 - - [13/May/2024:12:35:26 +0000] "GET /erddap/info/nrt_SEA066_M56/index.json HTTP/1.1" 200 80807 "-" "-" "curl/7.54.0"
98.114.172.215 - - [13/May/2024:12:35:53 +0000] "GET /erddap/tabledap/delayed_SEA070_M14.das HTTP/1.1" 200 8182 "-" "Python-urllib/3.6"
98.114.172.215 - - [13/May/2024:12:41:36 +0000] "GET /erddap/tabledap/delayed_SEA067_M41.das HTTP/1.1" 200 8578 "-" "Python-urllib/3.6"
 "python-httpx/0.26.0"
240.110.21.57 - - [13/May/2024:12:47:22 +0000] "GET /erddap/tabledap/delayed_SEA069_M22.das HTTP/1.1" 200 7765 "-" "Python-urllib/3.12"
171.177.25.126 - - [13/May/2024:12:50:25 +0000] "GET /erddap/tabledap/allDatasets.csv HTTP/1.1" 200 598382 "-" "python-requests/2.28.1"
143.107.161.239 - - [13/May/2024:12:54:20 +0000] "POST / HTTP/1.1" 301 178 "-" "'Mozilla/5.0"
156.73.58.234 - - [13/May/2024:12:59:46 +0000] "GET /erddap/griddap/adcp_SEA056_M71.html HTTP/1.1" 200 18649 "-" "kmdjdheyytgebfghehhenegsdfsdf"
171.177.25.126 - - [13/May/2024:13:00:17 +0000] "GET /erddap/tabledap/nrt_SEA069_M27.csv?time%2Clatitude%2Clongitude%2Cdepth%2Caltimeter%2Cangular_cmd%2Cangular_pos%2Cbackscatter_raw%2Cbackscatter_scaled%2Cballast_cmd%2Cballast_pos%2Cchlorophyll%2Cchlorophyll_qc%2Cchlorophyll_raw%2Cconductivity%2Cconductivity_qc%2Cdead_reckoning%2Cdeclination%2Cdensity%2Cdensity_qc%2Cdesired_heading%2Cdistance_over_ground%2Cdive_num%2Cheading%2Cinternal_pressure%2Cinternal_temperature%2Clinear_cmd%2Clinear_pos%2Cnav_resource%2Cnav_state%2Coxygen_concentration%2Coxygen_concentration_qc%2Cparticulate_backscatter%2Cphycocyanin%2Cphycocyanin_raw%2Cpitch%2Cpotential_density%2Cpotential_density_qc%2Cpotential_temperature%2Cpotential_temperature_qc%2Cpressure%2Cprofile_direction%2Cprofile_index%2Cprofile_num%2Croll%2Csalinity%2Csalinity_qc%2Csecurity_level%2Ctemperature%2Ctemperature_oxygen%2Ctemperature_qc%2Cvertical_distance_to_seafloor%2Cvoltage&time%3E=2024-05-13T10:25:04Z&time%3C2024-05-13T13:00:16Z HTTP/1.1" 200 10244 "-" "python-requests/2.28.1"
171.177.25.126 - - [13/May/2024:13:00:22 +0000] "GET /erddap/tabledap/nrt_SEA069_M27.csv?time%2Clatitude%2Clongitude%2Cdepth%2Caltimeter%2Cangular_cmd%2Cangular_pos%2Cbackscatter_raw%2Cbackscatter_scaled%2Cballast_cmd%2Cballast_pos%2Cchlorophyll%2Cchlorophyll_qc%2Cchlorophyll_raw%2Cconductivity%2Cconductivity_qc%2Cdead_reckoning%2Cdeclination%2Cdensity%2Cdensity_qc%2Cdesired_heading%2Cdistance_over_ground%2Cdive_num%2Cheading%2Cinternal_pressure%2Cinternal_temperature%2Clinear_cmd%2Clinear_pos%2Cnav_resource%2Cnav_state%2Coxygen_concentration%2Coxygen_concentration_qc%2Cparticulate_backscatter%2Cphycocyanin%2Cphycocyanin_raw%2Cpitch%2Cpotential_density%2Cpotential_density_qc%2Cpotential_temperature%2Cpotential_temperature_qc%2Cpressure%2Cprofile_direction%2Cprofile_index%2Cprofile_num%2Croll%2Csalinity%2Csalinity_qc%2Csecurity_level%2Ctemperature%2Ctemperature_oxygen%2Ctemperature_qc%2Cvertical_distance_to_seafloor%2Cvoltage&time%3E=2024-05-13T10:25:04Z&time%3C2024-05-13T13:00:21Z HTTP/1.1" 200 10244 "-" "python-requests/2.28.1"
226.72.42.198 - - [13/May/2024:13:01:32 +0000] "GET /erddap/griddap/adcp_SEA076_M13.graph HTTP/1.1" 200 20248 "-" "Python/3.8 aiohttp/3.9.5"
 "Python-urllib/2.7"
228.183.222.118 - - [13/May/2024:13:08:24 +0000] "GET /erddap/info/adcp_SEA045_M67/index.html HTTP/1.1" 200 17333 "-" "xpublish-erddap"
237.85.78.47 - - [13/May/2024:13:11:51 +0000] "GET /erddap/tabledap/allDatasets.json?maxTime&datasetID=%22delayed_SEA063_M73%22&distinct() HTTP/1.1" 404 114 "-" "-" "curl/7.54.0"
 "'Mozilla/5.0"
171.177.25.126 - - [13/May/2024:13:20:25 +0000] "GET /erddap/tabledap/allDatasets.csv HTTP/1.1" 200 598387 "-" "python-requests/2.28.1"
 "Python-urllib/2.7"
171.177.25.126 - - [13/May/2024:13:30:22 +0000] "GET /erddap/tabledap/allDatasets.csv HTTP/1.1" 200 598401 "-" "python-requests/2.28.1"
4.131.205.59 - - [13/May/2024:13:32:00 +0000] "GET /erddap/tabledap/delayed_SEA044_M88.fgdc HTTP/1.1" 200 5565 "-" "Mozilla/5.0 ERDDAP/2.23"
122.14.7.46 - - [13/May/2024:13:34:00 +0000] "GET /erddap/tabledap/delayed_SEA068_M30.html HTTP/1.1" 200 43645 "-" "python-requests/2.28.2"
153.110.186.252 - - [13/May/2024:13:36:43 +0000] "GET /erddap/tabledap/nrt_SEA045_M44.html HTTP/1.1" 200 35331 "-" "Python/3.8 aiohttp/3.9.5"
171.177.25.126 - - [13/May/2024:13:40:18 +0000] "GET /erddap/tabledap/allDatasets.csv HTTP/1.1" 200 598391 "-" "python-requests/2.28.1"
 "Python-urllib/3.12"
 "Python-urllib/3.12"
165.154.109.0 - - [13/May/2024:13:46:34 +0000] "GET /erddap/tabledap/nrt_SEA063_M37.das HTTP/1.1" 200 7053 "-" "Go-http-client/1.1"
228.183.222.118 - - [13/May/2024:13:49:39 +0000] "GET /erddap/tabledap/nrt_SEA079_M18.subset HTTP/1.1" 200 8886 "-" "xpublish-erddap"
132.122.64.228 - - [13/May/2024:13:50:43 +0000] "GET /erddap/info/adcp_SEA045_M51/index.html HTTP/1.1" 200 18414 "-" "python-requests/2.31.0"
250.27.191.51 - - [13/May/2024:13:51:39 +0000] "GET /erddap/tabledap/nrt_SEA076_M9.ncCF? HTTP/1.1" 200 611036 "-" "Mozilla/5.0 ERDDAP/2.17"
250.27.191.51 - - [13/May/2024:13:51:44 +0000] "GET /erddap/tabledap/nrt_SEA076_M21.ncCF? HTTP/1.1" 200 3663094 "-" "Mozilla/5.0 ERDDAP/2.17"
250.27.191.51 - - [13/May/2024:13:51:48 +0000] "GET /erddap/tabledap/nrt_SEA069_M11.ncCF? HTTP/1.1" 200 1111611 "-" "Mozilla/5.0 ERDDAP/2.17"
250.27.191.51 - - [13/May/2024:13:51:50 +0000] "GET /erddap/tabledap/nrt_SEA069_M21.ncCF? HTTP/1.1" 200 719876 "-" "Mozilla/5.0 ERDDAP/2.17"
250.27.191.51 - - [13/May/2024:13:51:52 +0000] "GET /erddap/tabledap/nrt_SEA069_M27.ncCF? HTTP/1.1" 200 380747 "-" "Mozilla/5.0 ERDDAP/2.17"
250.27.191.51 - - [13/May/2024:13:51:54 +0000] "GET /erddap/tabledap/nrt_SEA055_M21.ncCF? HTTP/1.1" 200 1441905 "-" "Mozilla/5.0 ERDDAP/2.17"
250.27.191.51 - - [13/May/2024:13:51:56 +0000] "GET /erddap/tabledap/nrt_SEA055_M31.ncCF? HTTP/1.1" 200 588300 "-" "Mozilla/5.0 ERDDAP/2.17"
250.27.191.51 - - [13/May/2024:13:51:58 +0000] "GET /erddap/tabledap/nrt_SEA055_M41.ncCF? HTTP/1.1" 200 696845 "-" "Mozilla/5.0 ERDDAP/2.17"
250.27.191.51 - - [13/May/2024:13:52:00 +0000] "GET /erddap/tabledap/nrt_SEA055_M50.ncCF? HTTP/1.1" 200 180689 "-" "Mozilla/5.0 ERDDAP/2.17"
250.27.191.51 - - [13/May/2024:13:52:05 +0000] "GET /erddap/tabledap/nrt_SEA057_M75.ncCF? HTTP/1.1" 200 10046005 "-" "Mozilla/5.0 ERDDAP/2.17"
250.27.191.51 - - [13/May/2024:13:52:07 +0000] "GET /erddap/tabledap/nrt_SEA045_M42.ncCF? HTTP/1.1" 200 2018247 "-" "Mozilla/5.0 ERDDAP/2.17"
95.17.251.101 - - [13/May/2024:13:53:43 +0000] "GET /erddap/tabledap/nrt_SEA055_M16.das HTTP/1.1" 200 7820 "-" "python-requests/2.31.0"
250.27.191.51 - - [13/May/2024:13:55:54 +0000] "GET /erddap/tabledap/allDatasets.csvp? HTTP/1.1" 200 50422 "-" "Mozilla/5.0 ERDDAP/2.17"
250.27.191.51 - - [13/May/2024:13:55:57 +0000] "GET /erddap/tabledap/nrt_SEA076_M13.ncCF? HTTP/1.1" 200 1916774 "-" "Mozilla/5.0 ERDDAP/2.17"
250.27.191.51 - - [13/May/2024:13:56:02 +0000] "GET /erddap/tabledap/nrt_SEA076_M22.ncCF? HTTP/1.1" 200 3022433 "-" "Mozilla/5.0 ERDDAP/2.17"
250.27.191.51 - - [13/May/2024:13:56:05 +0000] "GET /erddap/tabledap/nrt_SEA069_M13.ncCF? HTTP/1.1" 200 752702 "-" "Mozilla/5.0 ERDDAP/2.17"
250.27.191.51 - - [13/May/2024:13:56:07 +0000] "GET /erddap/tabledap/nrt_SEA069_M22.ncCF? HTTP/1.1" 200 769413 "-" "Mozilla/5.0 ERDDAP/2.17"
250.27.191.51 - - [13/May/2024:13:56:09 +0000] "GET /erddap/tabledap/nrt_SEA055_M16.ncCF? HTTP/1.1" 200 405424 "-" "Mozilla/5.0 ERDDAP/2.17"
250.27.191.51 - - [13/May/2024:13:56:11 +0000] "GET /erddap/tabledap/nrt_SEA055_M23.ncCF? HTTP/1.1" 200 1394989 "-" "Mozilla/5.0 ERDDAP/2.17"
250.27.191.51 - - [13/May/2024:13:56:13 +0000] "GET /erddap/tabledap/nrt_SEA055_M33.ncCF? HTTP/1.1" 200 892667 "-" "Mozilla/5.0 ERDDAP/2.17"
 "crawler_eb_germany_2.0"
 "crawler_eb_germany_2.0"
 "crawler_eb_germany_2.0"
250.27.191.51 - - [13/May/2024:13:56:15 +0000] "GET /erddap/tabledap/nrt_SEA055_M41.ncCF? HTTP/1.1" 200 696845 "-" "Mozilla/5.0 ERDDAP/2.17"
250.27.191.51 - - [13/May/2024:13:56:17 +0000] "GET /erddap/tabledap/nrt_SEA055_M50.ncCF? HTTP/1.1" 200 180690 "-" "Mozilla/5.0 ERDDAP/2.17"
250.27.191.51 - - [13/May/2024:13:56:21 +0000] "GET /erddap/tabledap/nrt_SEA057_M75.ncCF? HTTP/1.1" 200 10046005 "-" "Mozilla/5.0 ERDDAP/2.17"
194.108.53.137 - - [13/May/2024:13:56:23 +0000] "GET /erddap/griddap/adcp_SEA067_M30.html HTTP/1.1" 200 18248 "-" "python-requests/2.25.1"
 "curl/7.54.0"
250.27.191.51 - - [13/May/2024:13:57:54 +0000] "GET /erddap/tabledap/nrt_SEA076_M9.ncCF? HTTP/1.1" 200 611027 "-" "Mozilla/5.0 ERDDAP/2.17"
250.27.191.51 - - [13/May/2024:13:57:58 +0000] "GET /erddap/tabledap/nrt_SEA076_M21.ncCF? HTTP/1.1" 200 3663174 "-" "Mozilla/5.0 ERDDAP/2.17"
250.27.191.51 - - [13/May/2024:13:58:03 +0000] "GET /erddap/tabledap/nrt_SEA069_M11.ncCF? HTTP/1.1" 200 1111604 "-" "Mozilla/5.0 ERDDAP/2.17"
250.27.191.51 - - [13/May/2024:13:58:04 +0000] "GET /erddap/tabledap/nrt_SEA069_M21.ncCF? HTTP/1.1" 200 719871 "-" "Mozilla/5.0 ERDDAP/2.17"
250.27.191.51 - - [13/May/2024:13:58:07 +0000] "GET /erddap/tabledap/nrt_SEA069_M27.ncCF? HTTP/1.1" 200 380747 "-" "Mozilla/5.0 ERDDAP/2.17"
250.27.191.51 - - [13/May/2024:13:58:08 +0000] "GET /erddap/tabledap/nrt_SEA055_M21.ncCF? HTTP/1.1" 200 1441912 "-" "Mozilla/5.0 ERDDAP/2.17"
250.27.191.51 - - [13/May/2024:13:58:10 +0000] "GET /erddap/tabledap/nrt_SEA055_M31.ncCF? HTTP/1.1" 200 588307 "-" "Mozilla/5.0 ERDDAP/2.17"
250.27.191.51 - - [13/May/2024:13:58:13 +0000] "GET /erddap/tabledap/nrt_SEA055_M41.ncCF? HTTP/1.1" 200 696845 "-" "Mozilla/5.0 ERDDAP/2.17"
250.27.191.51 - - [13/May/2024:13:58:15 +0000] "GET /erddap/tabledap/nrt_SEA055_M50.ncCF? HTTP/1.1" 200 180690 "-" "Mozilla/5.0 ERDDAP/2.17"
250.27.191.51 - - [13/May/2024:13:58:19 +0000] "GET /erddap/tabledap/nrt_SEA057_M75.ncCF? HTTP/1.1" 200 10045581 "-" "Mozilla/5.0 ERDDAP/2.17"
250.27.191.51 - - [13/May/2024:13:58:22 +0000] "GET /erddap/tabledap/nrt_SEA045_M42.ncCF? HTTP/1.1" 200 2018529 "-" "Mozilla/5.0 ERDDAP/2.17"
250.27.191.51 - - [13/May/2024:14:00:15 +0000] "GET /erddap/tabledap/allDatasets.csvp? HTTP/1.1" 200 50409 "-" "Mozilla/5.0 ERDDAP/2.17"
171.177.25.126 - - [13/May/2024:14:00:16 +0000] "GET /erddap/tabledap/nrt_SEA063_M73.html HTTP/1.1" 200 311183 "-" "python-requests/2.28.1"
250.27.191.51 - - [13/May/2024:14:00:19 +0000] "GET /erddap/tabledap/nrt_SEA076_M17.ncCF? HTTP/1.1" 200 3629416 "-" "Mozilla/5.0 ERDDAP/2.17"
171.177.25.126 - - [13/May/2024:14:00:22 +0000] "GET /erddap/tabledap/nrt_SEA063_M73.html HTTP/1.1" 200 311167 "-" "python-requests/2.28.1"
250.27.191.51 - - [13/May/2024:14:00:25 +0000] "GET /erddap/tabledap/nrt_SEA069_M11.ncCF? HTTP/1.1" 200 1111611 "-" "Mozilla/5.0 ERDDAP/2.17"
250.27.191.51 - - [13/May/2024:14:00:27 +0000] "GET /erddap/tabledap/nrt_SEA069_M21.ncCF? HTTP/1.1" 200 719881 "-" "Mozilla/5.0 ERDDAP/2.17"
250.27.191.51 - - [13/May/2024:14:00:29 +0000] "GET /erddap/tabledap/nrt_SEA069_M27.ncCF? HTTP/1.1" 200 380747 "-" "Mozilla/5.0 ERDDAP/2.17"
250.27.191.51 - - [13/May/2024:14:00:31 +0000] "GET /erddap/tabledap/nrt_SEA055_M21.ncCF? HTTP/1.1" 200 1442249 "-" "Mozilla/5.0 ERDDAP/2.17"
250.27.191.51 - - [13/May/2024:14:00:33 +0000] "GET /erddap/tabledap/nrt_SEA055_M31.ncCF? HTTP/1.1" 200 588305 "-" "Mozilla/5.0 ERDDAP/2.17"
250.27.191.51 - - [13/May/2024:14:00:35 +0000] "GET /erddap/tabledap/nrt_SEA055_M41.ncCF? HTTP/1.1" 200 696838 "-" "Mozilla/5.0 ERDDAP/2.17"
250.27.191.51 - - [13/May/2024:14:00:37 +0000] "GET /erddap/tabledap/nrt_SEA055_M48.ncCF? HTTP/1.1" 200 983052 "-" "Mozilla/5.0 ERDDAP/2.17"
237.85.78.47 - - [13/May/2024:14:00:38 +0000] "GET /erddap/tabledap/allDatasets.json?maxTime&datasetID=%22nrt_SEA066_M56%22&distinct() HTTP/1.1" 200 174 "-" "-" "curl/7.54.0"
250.27.191.51 - - [13/May/2024:14:00:42 +0000] "GET /erddap/tabledap/nrt_SEA057_M75.ncCF? HTTP/1.1" 200 10045832 "-" "Mozilla/5.0 ERDDAP/2.17"
250.27.191.51 - - [13/May/2024:14:00:44 +0000] "GET /erddap/tabledap/nrt_SEA045_M42.ncCF? HTTP/1.1" 200 2018483 "-" "Mozilla/5.0 ERDDAP/2.17"
250.27.191.51 - - [13/May/2024:14:01:43 +0000] "GET /erddap/tabledap/nrt_SEA076_M8.ncCF? HTTP/1.1" 200 770836 "-" "Mozilla/5.0 ERDDAP/2.17"
250.27.191.51 - - [13/May/2024:14:01:47 +0000] "GET /erddap/tabledap/nrt_SEA076_M19.ncCF? HTTP/1.1" 200 871612 "-" "Mozilla/5.0 ERDDAP/2.17"
250.27.191.51 - - [13/May/2024:14:01:52 +0000] "GET /erddap/tabledap/nrt_SEA069_M9.ncCF? HTTP/1.1" 200 306569 "-" "Mozilla/5.0 ERDDAP/2.17"
250.27.191.51 - - [13/May/2024:14:01:54 +0000] "GET /erddap/tabledap/nrt_SEA069_M19.ncCF? HTTP/1.1" 200 1076171 "-" "Mozilla/5.0 ERDDAP/2.17"
223.197.138.18 - - [13/May/2024:14:01:56 +0000] "GET /erddap/info/delayed_SEA055_M54/index.html HTTP/1.1" 200 23308 "-" "curl/7.54.0"
250.27.191.51 - - [13/May/2024:14:01:57 +0000] "GET /erddap/tabledap/nrt_SEA055_M19.ncCF? HTTP/1.1" 200 459383 "-" "Mozilla/5.0 ERDDAP/2.17"
250.27.191.51 - - [13/May/2024:14:01:59 +0000] "GET /erddap/tabledap/nrt_SEA055_M26.ncCF? HTTP/1.1" 200 1111824 "-" "Mozilla/5.0 ERDDAP/2.17"
250.27.191.51 - - [13/May/2024:14:02:02 +0000] "GET /erddap/tabledap/nrt_SEA055_M37.ncCF? HTTP/1.1" 200 2281272 "-" "Mozilla/5.0 ERDDAP/2.17"
250.27.191.51 - - [13/May/2024:14:02:04 +0000] "GET /erddap/tabledap/nrt_SEA055_M46.ncCF? HTTP/1.1" 200 862784 "-" "Mozilla/5.0 ERDDAP/2.17"
250.27.191.51 - - [13/May/2024:14:02:05 +0000] "GET /erddap/tabledap/nrt_SEA055_M54.ncCF? HTTP/1.1" 200 866704 "-" "Mozilla/5.0 ERDDAP/2.17"
250.27.191.51 - - [13/May/2024:14:02:10 +0000] "GET /erddap/tabledap/nrt_SEA045_M37.ncCF? HTTP/1.1" 200 125446 "-" "Mozilla/5.0 ERDDAP/2.17"
 "curl/7.54.0"
237.85.78.47 - - [13/May/2024:14:02:49 +0000] "GET /erddap/tabledap/nrt_SEA063_M73.json?latitude%2Clongitude&time%3E=max(time) HTTP/1.1" 200 238 "-" "-" "curl/7.54.0"
237.85.78.47 - - [13/May/2024:14:04:57 +0000] "GET /erddap/tabledap/allDatasets.json?maxTime&datasetID=%22delayed_SEA069_M27%22&distinct() HTTP/1.1" 404 114 "-" "-" "curl/7.54.0"
237.85.78.47 - - [13/May/2024:14:06:31 +0000] "GET /erddap/info/nrt_SEA077_M33/index.json HTTP/1.1" 200 85467 "-" "-" "curl/7.54.0"
71.126.53.170 - - [13/May/2024:14:06:36 +0000] "GET /erddap/info/adcp_SEA076_M16/index.html HTTP/1.1" 200 18070 "-" "crawler_eb_germany_2.0"
 "curl/7.54.0"
132.122.64.228 - - [13/May/2024:14:11:10 +0000] "GET /erddap/info/adcp_SEA045_M45/index.html HTTP/1.1" 200 18410 "-" "python-requests/2.31.0"
117.39.81.233 - - [13/May/2024:14:16:34 +0000] "GET /erddap/tabledap/delayed_SEA055_M16.das HTTP/1.1" 200 7763 "-" "Python-urllib/3.12"
60.60.131.177 - - [13/May/2024:14:19:41 +0000] "GET /erddap/convert/oceanicAtmosphericVariableNames.html HTTP/1.1" 200 5663 "-" "Wget/1.20.3 (linux-gnu)"
122.6.21.32 - - [13/May/2024:14:21:27 +0000] "GET /erddap/tabledap/delayed_SEA055_M45.html HTTP/1.1" 200 40087 "-" "'Mozilla/5.0"
66.209.137.145 - - [13/May/2024:14:25:47 +0000] "GET /erddap/tabledap/delayed_SEA063_M21.html HTTP/1.1" 499 0 "-" "Googlebot-Image/1.0"
 "curl/7.61.1"
 "curl/7.61.1"
 "Python-urllib/2.7"
 "Python-urllib/2.7"
20.192.5.230 - - [13/May/2024:14:38:47 +0000] "GET /erddap/griddap/adcp_SEA076_M13.html HTTP/1.1" 200 18288 "-" "Mozilla/5.0 (X11; Linux x86_64)"
 "curl/7.54.0"
223.197.138.18 - - [13/May/2024:14:47:09 +0000] "GET /erddap/info/adcp_SEA056_M54/index.html HTTP/1.1" 200 17191 "-" "curl/7.54.0"
250.27.191.51 - - [13/May/2024:14:50:06 +0000] "GET /erddap/tabledap/allDatasets.csvp? HTTP/1.1" 200 50420 "-" "Mozilla/5.0 ERDDAP/2.17"
250.27.191.51 - - [13/May/2024:14:50:09 +0000] "GET /erddap/tabledap/nrt_SEA076_M13.ncCF? HTTP/1.1" 200 1916763 "-" "Mozilla/5.0 ERDDAP/2.17"
250.27.191.51 - - [13/May/2024:14:50:14 +0000] "GET /erddap/tabledap/nrt_SEA076_M22.ncCF? HTTP/1.1" 200 3022534 "-" "Mozilla/5.0 ERDDAP/2.17"
250.27.191.51 - - [13/May/2024:14:50:17 +0000] "GET /erddap/tabledap/nrt_SEA069_M13.ncCF? HTTP/1.1" 200 752703 "-" "Mozilla/5.0 ERDDAP/2.17"
250.27.191.51 - - [13/May/2024:14:50:19 +0000] "GET /erddap/tabledap/nrt_SEA069_M22.ncCF? HTTP/1.1" 200 769410 "-" "Mozilla/5.0 ERDDAP/2.17"
171.177.25.126 - - [13/May/2024:14:50:21 +0000] "GET /erddap/tabledap/allDatasets.csv HTTP/1.1" 200 598411 "-" "python-requests/2.28.1"
250.27.191.51 - - [13/May/2024:14:50:22 +0000] "GET /erddap/tabledap/nrt_SEA055_M19.ncCF? HTTP/1.1" 200 459382 "-" "Mozilla/5.0 ERDDAP/2.17"
250.27.191.51 - - [13/May/2024:14:50:24 +0000] "GET /erddap/tabledap/nrt_SEA055_M26.ncCF? HTTP/1.1" 200 1111830 "-" "Mozilla/5.0 ERDDAP/2.17"
250.27.191.51 - - [13/May/2024:14:50:26 +0000] "GET /erddap/tabledap/nrt_SEA055_M37.ncCF? HTTP/1.1" 200 2281342 "-" "Mozilla/5.0 ERDDAP/2.17"
250.27.191.51 - - [13/May/2024:14:50:28 +0000] "GET /erddap/tabledap/nrt_SEA055_M46.ncCF? HTTP/1.1" 200 862776 "-" "Mozilla/5.0 ERDDAP/2.17"
250.27.191.51 - - [13/May/2024:14:50:30 +0000] "GET /erddap/tabledap/nrt_SEA055_M54.ncCF? HTTP/1.1" 200 866711 "-" "Mozilla/5.0 ERDDAP/2.17"
250.27.191.51 - - [13/May/2024:14:50:35 +0000] "GET /erddap/tabledap/nrt_SEA045_M37.ncCF? HTTP/1.1" 200 125446 "-" "Mozilla/5.0 ERDDAP/2.17"
250.27.191.51 - - [13/May/2024:14:51:14 +0000] "GET /erddap/tabledap/allDatasets.csvp? HTTP/1.1" 200 50421 "-" "Mozilla/5.0 ERDDAP/2.17"
250.27.191.51 - - [13/May/2024:14:51:16 +0000] "GET /erddap/tabledap/nrt_SEA076_M13.ncCF? HTTP/1.1" 200 1916776 "-" "Mozilla/5.0 ERDDAP/2.17"
250.27.191.51 - - [13/May/2024:14:51:21 +0000] "GET /erddap/tabledap/nrt_SEA076_M22.ncCF? HTTP/1.1" 200 3022435 "-" "Mozilla/5.0 ERDDAP/2.17"
250.27.191.51 - - [13/May/2024:14:51:25 +0000] "GET /erddap/tabledap/nrt_SEA069_M13.ncCF? HTTP/1.1" 200 752701 "-" "Mozilla/5.0 ERDDAP/2.17"
250.27.191.51 - - [13/May/2024:14:51:27 +0000] "GET /erddap/tabledap/nrt_SEA069_M22.ncCF? HTTP/1.1" 200 769418 "-" "Mozilla/5.0 ERDDAP/2.17"
250.27.191.51 - - [13/May/2024:14:51:29 +0000] "GET /erddap/tabledap/nrt_SEA055_M16.ncCF? HTTP/1.1" 200 405417 "-" "Mozilla/5.0 ERDDAP/2.17"
250.27.191.51 - - [13/May/2024:14:51:31 +0000] "GET /erddap/tabledap/nrt_SEA055_M23.ncCF? HTTP/1.1" 200 1394810 "-" "Mozilla/5.0 ERDDAP/2.17"
250.27.191.51 - - [13/May/2024:14:51:33 +0000] "GET /erddap/tabledap/nrt_SEA055_M33.ncCF? HTTP/1.1" 200 892652 "-" "Mozilla/5.0 ERDDAP/2.17"
250.27.191.51 - - [13/May/2024:14:51:35 +0000] "GET /erddap/tabledap/nrt_SEA055_M43.ncCF? HTTP/1.1" 200 618591 "-" "Mozilla/5.0 ERDDAP/2.17"
